// Jest Snapshot v1, https://goo.gl/fbAQLP

exports[`Testing the component CounterApp Should be a match with the snapshot 1`] = `
<div>
  <h1
    aria-label="heading-title"
  >
    Counter App
  </h1>
  <h2
    aria-label="heading-counter"
  >
    100
  </h2>
  <button
    aria-label="btn-sum"
  >
    +1
  </button>
  <button
    aria-label="btn-sub"
  >
    -1
  </button>
  <button
    aria-label="btn-reset"
  >
    Reset
  </button>
</div>
`;
